error: possible broken doc link
  --> tests/ui/doc_broken_link.rs:27:5
   |
LL | /// [doc invalid link broken url scheme part part](https://
   |     ^^^^^^^^^^^^^^^^^^^^^^^^^^^^^^^^^^^^^^^^^^^^^^^^^^^^^^^
   |
   = note: `-D clippy::doc-broken-link` implied by `-D warnings`
   = help: to override `-D warnings` add `#[allow(clippy::doc_broken_link)]`

error: possible broken doc link
  --> tests/ui/doc_broken_link.rs:33:5
   |
LL | /// [doc invalid link broken url host part](https://test
   |     ^^^^^^^^^^^^^^^^^^^^^^^^^^^^^^^^^^^^^^^^^^^^^^^^^^^^

error: aborting due to 2 previous errors

